// Jest Snapshot v1, https://goo.gl/fbAQLP

exports[`page snapshot renders basic layout of todo app with mocked data 1`] = `<div />`;

exports[`renders basic layout of todo app with mocked data 1`] = `<div />`;
